################################################################################
#  VOLTUS INSIGHTAI v3.0 — STATIC IR DROP ANALYSIS REPORT
#  Design       : voltus_insightai_top
#  Technology   : Parameterisable (2nm–28nm) | Node target: 12nm FinFET
#  Supply       : VDD = 1.0 V
#  Rail Resistance: 0.35 Ω
#  Analysis Type: Static (DC) IR Drop
#  Generated    : Cadence Voltus post-processing (voltus_run.tcl)
################################################################################

==============================================================================
  RAIL SUMMARY — VDD NETWORK
==============================================================================

  Supply Voltage (Nominal)     :  1.0000 V
  Estimated Load Current       :  0.0500 A
  Rail Resistance              :  0.35   Ω

  Static IR Drop (V×R)         :  3.50 mV
  Final Cell Voltage           :  0.9825 V
  IR Drop (% of VDD)           :  0.35 %

  Warning  Threshold           :  30.00 mV   (3.0 % VDD)
  Critical Threshold           :  80.00 mV   (8.0 % VDD)

  Status                       :  SAFE  ✓  (3.5 mV < 30 mV warn limit)

==============================================================================
  NODE-LEVEL DROOPING ANALYSIS
==============================================================================

  NODE     VOLTAGE (V)   DROP (mV)   STATUS
  -------  -----------   ---------   --------
  VDD[0]   1.0000        0.00        HEALTHY
  VDD[1]   1.0000        0.00        HEALTHY
  VDD[2]   1.0000        0.00        HEALTHY
  VDD[3]   1.0000        0.00        HEALTHY
  VDD[4]   1.0000        0.00        HEALTHY
  VDD[5]   1.0000        0.00        HEALTHY
  VDD[6]   1.0000        0.00        HEALTHY
  VDD[7]   1.0000        0.00        HEALTHY

  Drooping Nodes (final state)  :  0 / 8
  Peak Drooping Nodes (S5)      :  6 / 8    (ALERT triggered — accum_load=181)

==============================================================================
  SCENARIO-BY-SCENARIO IR DROP TRACE
==============================================================================

  SCENARIO  DESCRIPTION            ACCUM_LOAD  IR_DROP(mV)  ML_IR_SCORE  STATUS
  --------  ---------------------  ----------  -----------  -----------  ------
  S1        IDLE baseline               4          0.35          3        SAFE
  S2        Light switching            24          1.75         12        SAFE
  S3        Medium (2 drooping)        52          3.85         48        SAFE
  S4        High (4 drooping)          97          7.18        108        SAFE
  S5        Stress burst (6 droop)    181         13.40        199        WARN  *
  S6        Alert boundary              2          0.18          6        SAFE
  S7        Recovery                   55          4.06         14        SAFE
  S8        FA truth table              16          1.18        16        SAFE
  S9        ML validation              55          4.06         27        SAFE

  * S5 ML IR Score 199/255 — exceeded CRITICAL ML threshold (192).
    FSM entered ALERT state. accum_load cleared on ALERT exit (A8 verified).

==============================================================================
  ML-AUGMENTED IR CLASSIFIER (GBT Fixed-Point Inference)
==============================================================================

  Feature Vector (final state):
    f0 = accum_load      =  55   (weight 0.42)
    f1 = power_level     =   5   (weight 0.28)
    f2 = violation_nodes =   0   (weight 0.19)
    f3 = toggle_budget   = 136   (inverse weight 0.11)

  ML IR Score (final)          :  27 / 255
  Decision Boundary:
    SAFE      : ML IR score  < 96
    MODERATE  : ML IR score  96–191
    CRITICAL  : ML IR score >= 192

  ML Classification (final)    :  SAFE
  Hybrid Classification        :  SAFE  (ML + threshold guard agree)
  Classifier Confidence        :  12 / 15

==============================================================================
  STATIC IR DROP CONCLUSION
==============================================================================

  Final IR Drop                :  3.50 mV  (SAFE)
  Peak IR Drop (S5)            : ~13.40 mV  (WARN — below 30 mV threshold)
  Worst-case Voltage           :  0.9825 V  (during S9/recovery)

  RESULT : PASS — No static IR violations detected across all 9 scenarios.

################################################################################
#  END OF REPORT : static_ir.rpt
################################################################################
